2026-09-27 19:31:55,160 INFO o.a.j.u.JMeterUtils: Setting Locale to en_EN
2026-09-27 19:31:55,174 INFO o.a.j.JMeter: Loading user properties from: D:\Apache\apache-jmeter-5.6.3\bin\user.properties
2026-09-27 19:31:55,175 INFO o.a.j.JMeter: Loading system properties from: D:\Apache\apache-jmeter-5.6.3\bin\system.properties
2026-09-27 19:31:55,179 INFO o.a.j.JMeter: Copyright (c) 1998-2024 The Apache Software Foundation
2026-09-27 19:31:55,180 INFO o.a.j.JMeter: Version 5.6.3
2026-09-27 19:31:55,180 INFO o.a.j.JMeter: java.version=21.0.11
2026-09-27 19:31:55,180 INFO o.a.j.JMeter: java.vm.name=Java HotSpot(TM) 64-Bit Server VM
2026-09-27 19:31:55,180 INFO o.a.j.JMeter: os.name=Windows 11
2026-09-27 19:31:55,180 INFO o.a.j.JMeter: os.arch=amd64
2026-09-27 19:31:55,180 INFO o.a.j.JMeter: os.version=10.0
2026-09-27 19:31:55,180 INFO o.a.j.JMeter: file.encoding=UTF-8
2026-09-27 19:31:55,180 INFO o.a.j.JMeter: java.awt.headless=null
2026-09-27 19:31:55,180 INFO o.a.j.JMeter: Max memory     =1073741824
2026-09-27 19:31:55,180 INFO o.a.j.JMeter: Available Processors =20
2026-09-27 19:31:55,186 INFO o.a.j.JMeter: Default Locale=English (EN)
2026-09-27 19:31:55,186 INFO o.a.j.JMeter: JMeter  Locale=English (EN)
2026-09-27 19:31:55,186 INFO o.a.j.JMeter: JMeterHome=D:\Apache\apache-jmeter-5.6.3
2026-09-27 19:31:55,186 INFO o.a.j.JMeter: user.dir  =D:\development\project\cloud-ticketing
2026-09-27 19:31:55,187 INFO o.a.j.JMeter: PWD       =D:\development\project\cloud-ticketing
2026-09-27 19:31:55,189 INFO o.a.j.JMeter: IP: 172.19.208.1 Name: PURE-20241210RY FullName: PURE-20241210RY.mshome.net
